> getwd()
[1] "C:/Users/ku906/Documents/Coursera_R"
> source('~/Coursera_R/corr.R')
> x <- corr("C:/Users/ku906/Documents/Coursera_R/specdata",200)
> x
  [1] -0.018957541 -0.140512544 -0.043897372 -0.068159562 -0.123506666 -0.075888144 -0.086841940  0.763128837 -0.157828603 -0.156998919 -0.044898818  0.117249264  0.259057178
 [14]  0.133274607  0.366201078  0.580751264  0.006863930  0.726693888  0.057741676  0.115338086  0.465754012  0.515804375  0.375631176  0.315725317  0.244560561  0.594426499
 [27]  0.553514976  0.614340566  0.460513619  0.405022501  0.434789780  0.088421364  0.118136697 -0.033091304  0.440660466 -0.029683708  0.268525390  0.277220958 -0.049108453
 [40]  0.322627410  0.091139374 -0.025750053 -0.061746831  0.041306963 -0.146202136 -0.162485185 -0.097254393  0.089262856  0.568403991  0.711864008  0.268203237  0.190644585
 [53]  0.227222983  0.229238882  0.005635506  0.018628108 -0.064750174  0.002864405  0.107184775  0.128477284 -0.042533572 -0.137041337  0.136609030  0.118975253  0.098073855
 [66]  0.066928310  0.100212474 -0.063984344 -0.066525489 -0.129245884 -0.111066409 -0.089441210 -0.114090325 -0.106280702 -0.176855164 -0.116984680  0.019138583  0.100643502
 [79]  0.036665921 -0.107957809  0.296744105  0.347421569  0.362414577  0.093330832  0.198915192  0.164602262  0.180626975  0.176508543  0.139158631  0.231984399  0.227615918
 [92]  0.275903634  0.299630040  0.248143145 -0.056325366  0.002032940 -0.022802183 -0.001202233  0.085217423  0.010021716  0.016411646 -0.038785934  0.041917773  0.193324040
[105]  0.596929143  0.113596590 -0.017703373  0.284905360  0.305506111  0.150031306  0.134895077  0.172850003  0.286076203 -0.106687748  0.244744168  0.337120085  0.424798956
[118]  0.095921881  0.022899033  0.143330735  0.087196218  0.408741028  0.425176879  0.361728434 -0.035090337 -0.082388453 -0.094742313 -0.060405837 -0.092398269  0.124650112
[131] -0.053001162 -0.039911536  0.010158287  0.451828854  0.295793699  0.615268727 -0.075214053  0.132207405  0.089547098 -0.019086127 -0.045552626 -0.073972834  0.112668377
[144]  0.138387891 -0.003207550 -0.052643174 -0.067460173  0.017805647 -0.050287543  0.016535643  0.199919014  0.482158286  0.355110474  0.589606340 -0.029094866 -0.074495323
[157]  0.262101561 -0.005386993  0.258826380  0.144110820  0.101915017  0.023020993  0.074594252  0.256665139  0.162401158  0.190141976  0.184581239 -0.176233152 -0.144699131
[170]  0.147074115  0.273520382  0.109557323 -0.092863394 -0.182752126 -0.008836513  0.356592359 -0.089133895 -0.017185129 -0.156323514 -0.042538204 -0.009912754 -0.042910367
[183] -0.210567709 -0.155957816  0.046211272 -0.060808231  0.160865053  0.615095781  0.598343330  0.506535631  0.191834811 -0.024723462 -0.150627164 -0.002500089  0.619349867
[196]  0.531380642  0.520115665  0.466673962  0.518820173  0.379446208 -0.123172036 -0.061565518 -0.180133963  0.253978075  0.139867175  0.268780500  0.279397143  0.267260662
[209]  0.287133842
> 
> 
> getwd()
[1] "C:/Users/ku906/Documents/Coursera_R/specdata"
> setwd("C:/Users/ku906/Documents/Coursera_R")
> 
> source("http://d396qusza40orc.cloudfront.net/rprog%2Fscripts%2Fsubmitscript1.R")
> submit()

Press Enter to continue...

| Is the following information correct?

Course ID: rprog-014
Submission login (email): srivathsesh@gmail.com
Submission password: BtwsmVPWVU

1: Yes, go ahead!
2: No, I need to change something.

Selection: 1

| Which part are you submitting?

 1: 'pollutantmean' part 1
 2: 'pollutantmean' part 2
 3: 'pollutantmean' part 3
 4: 'pollutantmean' part 4
 5: 'complete' part 1
 6: 'complete' part 2
 7: 'complete' part 3
 8: 'corr' part 1
 9: 'corr' part 2
10: 'corr' part 3

Selection: 10
Error in setwd(directory) : cannot change working directory